- [darkgreen, red, lightblue, grey, darkblue, grey, darkgreen, lightgreen, darkblue,
  yellow, yellow, darkblue]
- [red, lightgreen, darkgreen, darkblue, yellow, red, darkgreen, yellow, lightgreen,
  darkblue, grey, lightgreen]
- [grey, brown, yellow, yellow, darkblue, grey, lightgreen, darkblue, lightblue, yellow,
  lightblue, red]
- [grey, yellow, lightgreen, darkblue, lightblue, red, lightblue, brown, lightgreen,
  lightblue, grey, darkblue]
- [lightblue, lightgreen, red, brown, brown, grey, red, lightgreen, grey, lightblue,
  grey, grey]
- [darkblue, yellow, lightgreen, darkgreen, red, brown, lightblue, brown, yellow,
  brown, brown, darkgreen]
- [brown, lightblue, lightgreen, lightblue, brown, lightgreen, brown, red, grey, red,
  darkblue, grey]
- [darkblue, darkgreen, yellow, brown, darkblue, lightblue, lightblue, lightblue,
  red, brown, lightgreen, grey]
- [darkblue, brown, lightgreen, lightgreen, darkblue, lightblue, lightgreen, red,
  lightgreen, brown, lightblue, darkblue]
- [darkblue, brown, yellow, darkblue, red, grey, grey, lightblue, grey, red, darkgreen,
  brown]
- [darkgreen, grey, lightblue, yellow, yellow, lightblue, brown, darkgreen, darkblue,
  brown, grey, yellow]
- [red, grey, yellow, lightgreen, grey, darkgreen, lightgreen, brown, grey, lightgreen,
  lightblue, brown]
- [yellow, yellow, grey, brown, darkgreen, lightblue, darkgreen, grey, darkgreen,
  red, yellow, red]
- [yellow, darkblue, lightblue, darkblue, lightgreen, brown, grey, yellow, darkgreen,
  yellow, yellow, lightgreen]
- [yellow, grey, red, yellow, yellow, yellow, lightgreen, red, red, lightgreen, lightblue,
  brown]
- [darkgreen, yellow, brown, darkblue, darkblue, brown, red, red, lightgreen, yellow,
  lightgreen, yellow]
